Pitch 70
Pitch 68
ERR CANT PITCH * INT
ERR CANT PITCH / INT
ERR CANT PITCH % INT

ERR CANT PITCH + BOOL
ERR CANT PITCH - BOOL
ERR CANT PITCH * BOOL
ERR CANT PITCH / BOOL
ERR CANT PITCH % BOOL

ERR CANT PITCH + PITCH
ERR CANT PITCH - PITCH
ERR CANT PITCH * PITCH
ERR CANT PITCH / PITCH
ERR CANT PITCH % PITCH

ERR CANT PITCH + DURATION
ERR CANT PITCH - DURATION
ERR CANT PITCH * DURATION
ERR CANT PITCH / DURATION
ERR CANT PITCH % DURATION

ERR CANT PITCH + [Int]
ERR CANT PITCH - [Int]
ERR CANT PITCH * [Int]
ERR CANT PITCH / [Int]
ERR CANT PITCH % [Int]


17
15
32
8
ERR CANT DURATION % INT

ERR CANT DURATION + BOOL
ERR CANT DURATION - BOOL
ERR CANT DURATION * BOOL
ERR CANT DURATION / BOOL
ERR CANT DURATION % BOOL

ERR CANT DURATION + PITCH
ERR CANT DURATION - PITCH
ERR CANT DURATION * PITCH
ERR CANT DURATION / PITCH
ERR CANT DURATION % PITCH

32
16
ERR CANT DURATION * DURATION
ERR CANT DURATION / DURATION
ERR CANT DURATION % DURATION

ERR CANT DURATION + [Int]
ERR CANT DURATION - [Int]
ERR CANT DURATION * [Int]
ERR CANT DURATION / [Int]
ERR CANT DURATION % [Int]