Type error: Int and Bool are wrong operand types for `+`
[1,2,1]
Type error: "list is irregular"
[[1],[1]]
Type error: "list is irregular"
1
1
Type error: "If: bool-cond not bool"
Type error: "If: case mismatch"
False
Type error: Int is wrong operand type for unary `!`
Type error: Bool is wrong operand type for unary `-`
False
Type error: Bool and Int are wrong operand types for `||`
True
False
Type error: definition of Int, but assigned to Bool
