Type error: definition of Integer, but assigned to Pitch
Type error: definition of Boolean, but assigned to Pitch
Type error: definition of Pitch, but assigned to Duration
Type error: definition of Duration, but assigned to Pitch
Type error: definition of Atom, but assigned to Pitch
Type error: definition of Part, but assigned to Pitch
Type error: definition of Music, but assigned to Pitch