
Type error: definition of Integer, but assigned to Boolean
Type error: definition of Integer, but assigned to Pitch
Type error: definition of Integer, but assigned to Duration
Type error: definition of Integer, but assigned to Atom
Type error: definition of Integer, but assigned to [Integer]
Type error: definition of Integer, but assigned to [[Atom]]

Type error: definition of Boolean, but assigned to Integer

Type error: definition of Boolean, but assigned to Pitch
Type error: definition of Boolean, but assigned to Duration
Type error: definition of Boolean, but assigned to Atom
Type error: definition of Boolean, but assigned to [Integer]
Type error: definition of Boolean, but assigned to [[Atom]]

Type error: definition of Pitch, but assigned to Integer
Type error: definition of Pitch, but assigned to Boolean

Type error: definition of Pitch, but assigned to Duration
Type error: definition of Pitch, but assigned to Atom
Type error: definition of Pitch, but assigned to [Integer]
Type error: definition of Pitch, but assigned to [[Atom]]

Type error: definition of Duration, but assigned to Integer
Type error: definition of Duration, but assigned to Boolean
Type error: definition of Duration, but assigned to Pitch

Type error: definition of Duration, but assigned to Atom
Type error: definition of Duration, but assigned to [Integer]
Type error: definition of Duration, but assigned to [[Atom]]

Type error: definition of Atom, but assigned to Integer
Type error: definition of Atom, but assigned to Boolean
Type error: definition of Atom, but assigned to Pitch
Type error: definition of Atom, but assigned to Duration

Type error: definition of Atom, but assigned to [Integer]
Type error: definition of Atom, but assigned to [[Atom]]

Type error: definition of Music, but assigned to Integer
Type error: definition of Music, but assigned to Boolean
Type error: definition of Music, but assigned to Pitch
Type error: definition of Music, but assigned to Duration
Type error: definition of Music, but assigned to Atom
Type error: definition of Music, but assigned to [Integer]
